PROOF_VERIFIED backend=metal value=true
modular fibonacci (2^24): proof size unavailable (no packed-proof byte encoding yet); CSV carries 0
modular fibonacci (2^24, metal): Prover completed in 8.97s (1402.8 kHz / padded 1870.3 kHz)
modular fibonacci (2^24, metal): Peak RSS 8.40 GiB
MATRIX_TIMING name=fibonacci scale=24 backend=metal prove_s=8.970361125 trace_len=12583871 padded_len=16777216
Results: benchmark-runs/results/akita_fibonacci_24_metal.csv
       10.63 real        63.36 user         6.58 sys
          9018343424  maximum resident set size
                   0  average shared memory size
                   0  average unshared data size
                   0  average unshared stack size
             1304798  page reclaims
                 419  page faults
                   0  swaps
                   0  block input operations
                   0  block output operations
                   0  messages sent
                   0  messages received
                   1  signals received
                  28  voluntary context switches
              212771  involuntary context switches
       1049592327727  instructions retired
        253513909927  cycles elapsed
          9648479072  peak memory footprint
