BLAKE2B_CHAIN_CHECK iterations=5000 digest=55d6e3843272521038e61e03524beefcd69f200d13e9513c558eb3615457552b2bfcbe03829c496d12511b3ddb9a111bfd20e1c7df242b1958433dc9b73c0dc8 value=true
PROOF_VERIFIED backend=metal value=true
modular blake2b-chain (2^24): proof size unavailable (no packed-proof byte encoding yet); CSV carries 0
modular blake2b-chain (2^24, metal): Prover completed in 8.79s (1187.1 kHz / padded 1908.8 kHz)
modular blake2b-chain (2^24, metal): Peak RSS 9.11 GiB
MATRIX_TIMING name=blake2b-chain scale=24 backend=metal prove_s=8.789301666 trace_len=10433678 padded_len=16777216
Results: benchmark-runs/results/akita_blake2b-chain_24_metal.csv
       10.08 real        63.94 user         6.91 sys
          9782444032  maximum resident set size
                   0  average shared memory size
                   0  average unshared data size
                   0  average unshared stack size
             1260755  page reclaims
                   6  page faults
                   0  swaps
                   0  block input operations
                   0  block output operations
                   0  messages sent
                   0  messages received
                   1  signals received
                  30  voluntary context switches
              270468  involuntary context switches
       1040996198303  instructions retired
        257914887265  cycles elapsed
         11742142840  peak memory footprint
