PROOF_VERIFIED backend=metal value=true
modular sha2-chain (2^24): proof size unavailable (no packed-proof byte encoding yet); CSV carries 0
modular sha2-chain (2^24, metal): Prover completed in 9.11s (1036.6 kHz / padded 1841.4 kHz)
modular sha2-chain (2^24, metal): Peak RSS 9.09 GiB
MATRIX_TIMING name=sha2-chain scale=24 backend=metal prove_s=9.110998000 trace_len=9444142 padded_len=16777216
Results: benchmark-runs/results/akita_sha2-chain_24_metal.csv
       10.17 real        64.53 user         7.01 sys
          9760161792  maximum resident set size
                   0  average shared memory size
                   0  average unshared data size
                   0  average unshared stack size
             1242983  page reclaims
                   6  page faults
                   0  swaps
                   0  block input operations
                   0  block output operations
                   0  messages sent
                   0  messages received
                   1  signals received
                  14  voluntary context switches
              276836  involuntary context switches
       1037284959128  instructions retired
        260047844640  cycles elapsed
         11866644856  peak memory footprint
