PROOF_VERIFIED backend=metal value=true
modular btreemap (2^24): proof size unavailable (no packed-proof byte encoding yet); CSV carries 0
modular btreemap (2^24, metal): Prover completed in 7.90s (1221.0 kHz / padded 2122.6 kHz)
modular btreemap (2^24, metal): Peak RSS 9.30 GiB
MATRIX_TIMING name=btreemap scale=24 backend=metal prove_s=7.904195125 trace_len=9650940 padded_len=16777216
Results: benchmark-runs/results/akita_btreemap_24_metal.csv
        9.11 real        62.13 user         6.91 sys
          9980968960  maximum resident set size
                   0  average shared memory size
                   0  average unshared data size
                   0  average unshared stack size
             1276450  page reclaims
                   6  page faults
                   0  swaps
                   0  block input operations
                   0  block output operations
                   0  messages sent
                   0  messages received
                   1  signals received
                  21  voluntary context switches
              252520  involuntary context switches
        979299224119  instructions retired
        251714711174  cycles elapsed
         11961917912  peak memory footprint
