
thread 'main' (4695689) panicked at crates/jolt-prover/src/profile.rs:352:23:
another profile run for modular_blake2b_chain_akita_28_metal appears active (benchmark-runs/modular_blake2b_chain_akita_28_metal.lock: File exists (os error 17)); if no run is alive, delete the stale lock file
note: run with `RUST_BACKTRACE=1` environment variable to display a backtrace
        0.01 real         0.00 user         0.00 sys
             7192576  maximum resident set size
                   0  average shared memory size
                   0  average unshared data size
                   0  average unshared stack size
                 662  page reclaims
                   0  page faults
                   0  swaps
                   0  block input operations
                   0  block output operations
                   0  messages sent
                   0  messages received
                   0  signals received
                   0  voluntary context switches
                   7  involuntary context switches
            35528902  instructions retired
            13439994  cycles elapsed
             1966416  peak memory footprint
