────────────
 Nextest run ID eee846da-aef4-4cf4-b9bc-bed83e325dc5 with nextest profile: default
    Starting 1 test across 2 binaries (456 tests skipped)
       START [         ] (1/1) jolt-prover-legacy zkvm::packed::committed_tests::sha2_chain_akita_perf

running 1 test
sha2-chain/akita: 71140 iterations, target 2^28
trace length: 268435456
OneHotTrace one-hot K: 256
akita setup: 2.03s
        SLOW [> 60.000s] (───) jolt-prover-legacy zkvm::packed::committed_tests::sha2_chain_akita_perf
test zkvm::packed::committed_tests::sha2_chain_akita_perf has been running for over 60 seconds
        SLOW [>120.000s] (───) jolt-prover-legacy zkvm::packed::committed_tests::sha2_chain_akita_perf
        SLOW [>180.000s] (───) jolt-prover-legacy zkvm::packed::committed_tests::sha2_chain_akita_perf
        SLOW [>240.000s] (───) jolt-prover-legacy zkvm::packed::committed_tests::sha2_chain_akita_perf
akita prove: 198.20s
akita verifier preprocessing: 18.33ms
akita verify: 170.51ms
test zkvm::packed::committed_tests::sha2_chain_akita_perf ... ok

test result: ok. 1 passed; 0 failed; 0 ignored; 0 measured; 456 filtered out; finished in 253.39s

        PASS [ 253.439s] (1/1) jolt-prover-legacy zkvm::packed::committed_tests::sha2_chain_akita_perf
────────────
     Summary [ 253.441s] 1 test run: 1 passed (1 slow), 456 skipped
      541.27 real      3271.31 user       147.65 sys
         90849771520  maximum resident set size
                   0  average shared memory size
                   0  average unshared data size
                   0  average unshared stack size
            33007010  page reclaims
               24893  page faults
                   0  swaps
                   0  block input operations
                   0  block output operations
                   5  messages sent
                   5  messages received
                  11  signals received
                1803  voluntary context switches
             3447640  involuntary context switches
           899587818  instructions retired
           857281570  cycles elapsed
            21824064  peak memory footprint
