────────────
 Nextest run ID 50e58e12-c354-4e47-9ae9-96904dffc6c4 with nextest profile: default
    Starting 1 test across 2 binaries (456 tests skipped)
       START [         ] (1/1) jolt-prover-legacy zkvm::packed::committed_tests::sha2_chain_akita_perf

running 1 test
sha2-chain/akita: 71140 iterations, target 2^28
trace length: 268435456
OneHotTrace one-hot K: 256
akita setup: 3.44s
        SLOW [> 60.000s] (───) jolt-prover-legacy zkvm::packed::committed_tests::sha2_chain_akita_perf
test zkvm::packed::committed_tests::sha2_chain_akita_perf has been running for over 60 seconds
        SLOW [>120.000s] (───) jolt-prover-legacy zkvm::packed::committed_tests::sha2_chain_akita_perf
        SLOW [>180.000s] (───) jolt-prover-legacy zkvm::packed::committed_tests::sha2_chain_akita_perf
        SLOW [>240.000s] (───) jolt-prover-legacy zkvm::packed::committed_tests::sha2_chain_akita_perf
akita prove: 225.90s
akita verifier preprocessing: 17.60ms
akita verify: 258.20ms
test zkvm::packed::committed_tests::sha2_chain_akita_perf ... ok

test result: ok. 1 passed; 0 failed; 0 ignored; 0 measured; 456 filtered out; finished in 282.73s

        PASS [ 282.790s] (1/1) jolt-prover-legacy zkvm::packed::committed_tests::sha2_chain_akita_perf
────────────
     Summary [ 282.792s] 1 test run: 1 passed (1 slow), 456 skipped
      569.31 real      3684.34 user       145.63 sys
         87669096448  maximum resident set size
                   0  average shared memory size
                   0  average unshared data size
                   0  average unshared stack size
            34230621  page reclaims
               29714  page faults
                   0  swaps
                   0  block input operations
                   0  block output operations
                   5  messages sent
                   4  messages received
                  11  signals received
                4077  voluntary context switches
             4112414  involuntary context switches
           998528476  instructions retired
           979967617  cycles elapsed
            21234168  peak memory footprint
