────────────
 Nextest run ID d74b0a31-5f5c-4ecb-a008-7d7201c87e52 with nextest profile: default
    Starting 1 test across 2 binaries (456 tests skipped)
       START [         ] (1/1) jolt-prover-legacy zkvm::packed::committed_tests::sha2_chain_akita_perf

running 1 test
sha2-chain/akita: 71140 iterations, target 2^28
trace length: 268435456
OneHotTrace one-hot K: 256
akita setup: 2.06s
test zkvm::packed::committed_tests::sha2_chain_akita_perf has been running for over 60 seconds
        SLOW [> 60.000s] (───) jolt-prover-legacy zkvm::packed::committed_tests::sha2_chain_akita_perf
        SLOW [>120.000s] (───) jolt-prover-legacy zkvm::packed::committed_tests::sha2_chain_akita_perf
        SLOW [>180.000s] (───) jolt-prover-legacy zkvm::packed::committed_tests::sha2_chain_akita_perf
        SLOW [>240.000s] (───) jolt-prover-legacy zkvm::packed::committed_tests::sha2_chain_akita_perf
akita prove: 195.99s
akita verifier preprocessing: 18.74ms
akita verify: 174.60ms
test zkvm::packed::committed_tests::sha2_chain_akita_perf ... ok

test result: ok. 1 passed; 0 failed; 0 ignored; 0 measured; 456 filtered out; finished in 251.33s

        PASS [ 251.380s] (1/1) jolt-prover-legacy zkvm::packed::committed_tests::sha2_chain_akita_perf
────────────
     Summary [ 251.382s] 1 test run: 1 passed (1 slow), 456 skipped
      539.54 real      3252.52 user       142.61 sys
         91762704384  maximum resident set size
                   0  average shared memory size
                   0  average unshared data size
                   0  average unshared stack size
            32563605  page reclaims
               24539  page faults
                   0  swaps
                   0  block input operations
                   0  block output operations
                   5  messages sent
                   5  messages received
                  11  signals received
                2990  voluntary context switches
             3631984  involuntary context switches
           895456214  instructions retired
           854296861  cycles elapsed
            21086784  peak memory footprint
