warning: /private/tmp/jolt-blake2b-t28-20260906/crates/jolt-kernels/Cargo.toml: `default-features` is ignored for jolt-poly, since `default-features` was not specified for `workspace.dependencies.jolt-poly`, this could become a hard error in the future
warning: /private/tmp/jolt-blake2b-t28-20260906/crates/jolt-prover/Cargo.toml: `default-features` is ignored for jolt-kernels, since `default-features` was not specified for `workspace.dependencies.jolt-kernels`, this could become a hard error in the future
warning: /private/tmp/jolt-blake2b-t28-20260906/crates/jolt-prover/Cargo.toml: `default-features` is ignored for jolt-poly, since `default-features` was not specified for `workspace.dependencies.jolt-poly`, this could become a hard error in the future
warning: /private/tmp/jolt-blake2b-t28-20260906/crates/jolt-prover/Cargo.toml: `default-features` is ignored for jolt-profiling, since `default-features` was not specified for `workspace.dependencies.jolt-profiling`, this could become a hard error in the future
warning: /private/tmp/jolt-blake2b-t28-20260906/crates/jolt-prover/Cargo.toml: `default-features` is ignored for jolt-profiling, since `default-features` was not specified for `workspace.dependencies.jolt-profiling`, this could become a hard error in the future
   Compiling jolt-field v0.1.0 (/private/tmp/jolt-blake2b-t28-20260906/crates/jolt-field)
   Compiling jolt-riscv v0.1.0 (/private/tmp/jolt-blake2b-t28-20260906/crates/jolt-riscv)
   Compiling jolt-utils v0.1.0 (/private/tmp/jolt-blake2b-t28-20260906/crates/jolt-utils)
   Compiling common v0.2.0 (/private/tmp/jolt-blake2b-t28-20260906/common)
   Compiling jolt-claims-derive v0.1.0 (/private/tmp/jolt-blake2b-t28-20260906/crates/jolt-claims-derive)
   Compiling jolt-platform v0.1.0 (/private/tmp/jolt-blake2b-t28-20260906/jolt-platform)
   Compiling jolt-witness-derive v0.1.0 (/private/tmp/jolt-blake2b-t28-20260906/crates/jolt-witness-derive)
   Compiling jolt-verifier-derive v0.1.0 (/private/tmp/jolt-blake2b-t28-20260906/crates/jolt-verifier-derive)
   Compiling jolt-kernels-derive v0.1.0 (/private/tmp/jolt-blake2b-t28-20260906/crates/jolt-kernels-derive)
   Compiling jolt-profiling v0.1.0 (/private/tmp/jolt-blake2b-t28-20260906/crates/jolt-profiling)
   Compiling jolt-program v0.1.0 (/private/tmp/jolt-blake2b-t28-20260906/crates/jolt-program)
   Compiling tracer v0.2.0 (/private/tmp/jolt-blake2b-t28-20260906/tracer)
   Compiling akita-serialization v0.1.0 (/private/tmp/akita-kernel-campaign-20260906/crates/akita-serialization)
   Compiling jolt-poly v0.1.0 (/private/tmp/jolt-blake2b-t28-20260906/crates/jolt-poly)
   Compiling jolt-transcript v0.1.0 (/private/tmp/jolt-blake2b-t28-20260906/crates/jolt-transcript)
   Compiling jolt-lookup-tables v0.1.0 (/private/tmp/jolt-blake2b-t28-20260906/crates/jolt-lookup-tables)
   Compiling akita-transcript v0.1.0 (/private/tmp/akita-kernel-campaign-20260906/crates/akita-transcript)
   Compiling akita-algebra v0.1.0 (/private/tmp/akita-kernel-campaign-20260906/crates/akita-algebra)
   Compiling jolt-inlines-sdk v0.1.0 (/private/tmp/jolt-blake2b-t28-20260906/jolt-inlines/sdk)
   Compiling jolt-host v0.1.0 (/private/tmp/jolt-blake2b-t28-20260906/crates/jolt-host)
   Compiling akita-challenges v0.1.0 (/private/tmp/akita-kernel-campaign-20260906/crates/akita-challenges)
   Compiling jolt-inlines-keccak256 v0.1.0 (/private/tmp/jolt-blake2b-t28-20260906/jolt-inlines/keccak256)
   Compiling jolt-crypto v0.1.0 (/private/tmp/jolt-blake2b-t28-20260906/crates/jolt-crypto)
   Compiling jolt-inlines-sha2 v0.1.0 (/private/tmp/jolt-blake2b-t28-20260906/jolt-inlines/sha2)
   Compiling jolt-inlines-blake2 v0.1.0 (/private/tmp/jolt-blake2b-t28-20260906/jolt-inlines/blake2)
   Compiling jolt-openings v0.1.0 (/private/tmp/jolt-blake2b-t28-20260906/crates/jolt-openings)
   Compiling akita-sumcheck v0.1.0 (/private/tmp/akita-kernel-campaign-20260906/crates/akita-sumcheck)
   Compiling jolt-claims v0.1.0 (/private/tmp/jolt-blake2b-t28-20260906/crates/jolt-claims)
   Compiling jolt-dory v0.1.0 (/private/tmp/jolt-blake2b-t28-20260906/crates/jolt-dory)
   Compiling akita-types v0.1.0 (/private/tmp/akita-kernel-campaign-20260906/crates/akita-types)
   Compiling jolt-r1cs v0.1.0 (/private/tmp/jolt-blake2b-t28-20260906/crates/jolt-r1cs)
   Compiling jolt-witness v0.1.0 (/private/tmp/jolt-blake2b-t28-20260906/crates/jolt-witness)
   Compiling jolt-sumcheck v0.1.0 (/private/tmp/jolt-blake2b-t28-20260906/crates/jolt-sumcheck)
   Compiling jolt-blindfold v0.1.0 (/private/tmp/jolt-blake2b-t28-20260906/crates/jolt-blindfold)
   Compiling jolt-verifier v0.1.0 (/private/tmp/jolt-blake2b-t28-20260906/crates/jolt-verifier)
   Compiling akita-schedules v0.1.0 (/private/tmp/akita-kernel-campaign-20260906/crates/akita-schedules)
   Compiling akita-config v0.1.0 (/private/tmp/akita-kernel-campaign-20260906/crates/akita-config)
   Compiling akita-planner v0.1.0 (/private/tmp/akita-kernel-campaign-20260906/crates/akita-planner)
   Compiling akita-prover v0.1.0 (/private/tmp/akita-kernel-campaign-20260906/crates/akita-prover)
   Compiling akita-verifier v0.1.0 (/private/tmp/akita-kernel-campaign-20260906/crates/akita-verifier)
   Compiling jolt-kernels v0.1.0 (/private/tmp/jolt-blake2b-t28-20260906/crates/jolt-kernels)
   Compiling akita-setup v0.1.0 (/private/tmp/akita-kernel-campaign-20260906/crates/akita-setup)
   Compiling akita-metal v0.1.0 (/private/tmp/akita-kernel-campaign-20260906/crates/akita-metal)
   Compiling akita-pcs v0.1.0 (/private/tmp/akita-kernel-campaign-20260906/crates/akita-pcs)
   Compiling jolt-akita v0.1.0 (/private/tmp/jolt-blake2b-t28-20260906/crates/jolt-akita)
   Compiling jolt-prover v0.1.0 (/private/tmp/jolt-blake2b-t28-20260906/crates/jolt-prover)
    Finished `release` profile [optimized + debuginfo] target(s) in 4m 31s
