warning: /private/tmp/jolt-blake2b-t28-20260906/crates/jolt-prover/Cargo.toml: `default-features` is ignored for jolt-kernels, since `default-features` was not specified for `workspace.dependencies.jolt-kernels`, this could become a hard error in the future
warning: /private/tmp/jolt-blake2b-t28-20260906/crates/jolt-prover/Cargo.toml: `default-features` is ignored for jolt-poly, since `default-features` was not specified for `workspace.dependencies.jolt-poly`, this could become a hard error in the future
warning: /private/tmp/jolt-blake2b-t28-20260906/crates/jolt-prover/Cargo.toml: `default-features` is ignored for jolt-profiling, since `default-features` was not specified for `workspace.dependencies.jolt-profiling`, this could become a hard error in the future
warning: /private/tmp/jolt-blake2b-t28-20260906/crates/jolt-prover/Cargo.toml: `default-features` is ignored for jolt-profiling, since `default-features` was not specified for `workspace.dependencies.jolt-profiling`, this could become a hard error in the future
warning: /private/tmp/jolt-blake2b-t28-20260906/crates/jolt-kernels/Cargo.toml: `default-features` is ignored for jolt-poly, since `default-features` was not specified for `workspace.dependencies.jolt-poly`, this could become a hard error in the future
   Compiling typenum v1.19.0
   Compiling rand_core v0.6.4
   Compiling num-traits v0.2.19
   Compiling serde v1.0.229
   Compiling syn v2.0.119
   Compiling ppv-lite86 v0.2.21
   Compiling serde_json v1.0.151
   Compiling smallvec v1.15.2
   Compiling object v0.39.1
   Compiling object v0.40.0
   Compiling rand_chacha v0.3.1
   Compiling rand v0.8.7
   Compiling num-integer v0.1.47
   Compiling ark-std v0.5.0
   Compiling getrandom v0.2.17
   Compiling num-bigint v0.4.6
   Compiling jolt-platform v0.1.0 (/private/tmp/jolt-blake2b-t28-20260906/jolt-platform)
   Compiling generic-array v0.14.7
   Compiling bincode v2.0.1
   Compiling crypto-common v0.1.7
   Compiling digest v0.10.7
   Compiling thiserror-impl v2.0.18
   Compiling ark-serialize-derive v0.5.0 (https://github.com/a16z/arkworks-algebra?branch=dev%2Ftwist-shout#76bb3a45)
   Compiling allocative_derive v0.3.6
   Compiling strum_macros v0.28.0
   Compiling tracing-attributes v0.1.31
   Compiling ark-serialize v0.5.0 (https://github.com/a16z/arkworks-algebra?branch=dev%2Ftwist-shout#76bb3a45)
   Compiling allocative v0.3.6
   Compiling derive_more-impl v2.1.1
   Compiling addr2line v0.27.0
   Compiling thiserror v2.0.18
   Compiling tracing v0.1.44
   Compiling common v0.2.0 (/private/tmp/jolt-blake2b-t28-20260906/common)
   Compiling derive_more v2.1.1
   Compiling strum v0.28.0
   Compiling cobs v0.3.0
   Compiling postcard v1.1.3
   Compiling tracing-subscriber v0.3.23
   Compiling jolt-riscv v0.1.0 (/private/tmp/jolt-blake2b-t28-20260906/crates/jolt-riscv)
   Compiling jolt-program v0.1.0 (/private/tmp/jolt-blake2b-t28-20260906/crates/jolt-program)
   Compiling tracer v0.2.0 (/private/tmp/jolt-blake2b-t28-20260906/tracer)
   Compiling jolt-inlines-sdk v0.1.0 (/private/tmp/jolt-blake2b-t28-20260906/jolt-inlines/sdk)
   Compiling jolt-host v0.1.0 (/private/tmp/jolt-blake2b-t28-20260906/crates/jolt-host)
   Compiling jolt-inlines-blake2 v0.1.0 (/private/tmp/jolt-blake2b-t28-20260906/jolt-inlines/blake2)
    Finished `release` profile [optimized + debuginfo] target(s) in 17.52s
     Running `/Users/mgeorghiades/worktrees/jolt/lever-c-jolt/target/release/examples/blake2b_prepare`
BLAKE2B_ORACLE iterations=0 rows=3643 digest=05050505050505050505050505050505050505050505050505050505050505050505050505050505050505050505050505050505050505050505050505050505
BLAKE2B_ORACLE iterations=1 rows=5754 digest=42094eaf1fbe8c4fda604dd526c945d63b491e068218709d0f92a30e9421b749ccecb0a62edc91d674dac67c20db659683aa86ba84ba8365ee946bc4dcbcbe1f
BLAKE2B_ORACLE iterations=2 rows=7840 digest=a9979618e0b1d3f1b4e2095a783efaf1b16eefeac2cd05675f38c4dd5f6c952e2f752aacf7c16c6c52b16de0b350c17706fa905951c0830759224335d030c12c
BLAKE2B_SIZING iterations=64 rows=137172 rows_per_hash=2143.312500
BLAKE2B_SIZING iterations=1024 rows=2139742 rows_per_hash=2089.591797
BLAKE2B_SIZING iterations=4096 rows=8547934 rows_per_hash=2086.897949
