warning: /Users/mgeorghiades/worktrees/jolt/bright-ridge/jolt/crates/jolt-prover/Cargo.toml: `default-features` is ignored for jolt-kernels, since `default-features` was not specified for `workspace.dependencies.jolt-kernels`, this could become a hard error in the future
warning: /Users/mgeorghiades/worktrees/jolt/bright-ridge/jolt/crates/jolt-prover/Cargo.toml: `default-features` is ignored for jolt-poly, since `default-features` was not specified for `workspace.dependencies.jolt-poly`, this could become a hard error in the future
warning: /Users/mgeorghiades/worktrees/jolt/bright-ridge/jolt/crates/jolt-prover/Cargo.toml: `default-features` is ignored for jolt-profiling, since `default-features` was not specified for `workspace.dependencies.jolt-profiling`, this could become a hard error in the future
warning: /Users/mgeorghiades/worktrees/jolt/bright-ridge/jolt/crates/jolt-prover/Cargo.toml: `default-features` is ignored for jolt-profiling, since `default-features` was not specified for `workspace.dependencies.jolt-profiling`, this could become a hard error in the future
warning: /Users/mgeorghiades/worktrees/jolt/bright-ridge/jolt/crates/jolt-kernels/Cargo.toml: `default-features` is ignored for jolt-poly, since `default-features` was not specified for `workspace.dependencies.jolt-poly`, this could become a hard error in the future
    Checking akita-serialization v0.1.0 (https://github.com/markosg04/akita.git?rev=7878e5ba14b0a9f7cc89ddbc1331a543efa11db7#7878e5ba)
    Checking akita-error v0.1.0 (https://github.com/markosg04/akita.git?rev=7878e5ba14b0a9f7cc89ddbc1331a543efa11db7#7878e5ba)
    Checking akita-transcript v0.1.0 (https://github.com/markosg04/akita.git?rev=7878e5ba14b0a9f7cc89ddbc1331a543efa11db7#7878e5ba)
    Checking akita-algebra v0.1.0 (https://github.com/markosg04/akita.git?rev=7878e5ba14b0a9f7cc89ddbc1331a543efa11db7#7878e5ba)
    Checking akita-challenges v0.1.0 (https://github.com/markosg04/akita.git?rev=7878e5ba14b0a9f7cc89ddbc1331a543efa11db7#7878e5ba)
    Checking akita-sumcheck v0.1.0 (https://github.com/markosg04/akita.git?rev=7878e5ba14b0a9f7cc89ddbc1331a543efa11db7#7878e5ba)
    Checking akita-types v0.1.0 (https://github.com/markosg04/akita.git?rev=7878e5ba14b0a9f7cc89ddbc1331a543efa11db7#7878e5ba)
    Checking akita-schedules v0.1.0 (https://github.com/markosg04/akita.git?rev=7878e5ba14b0a9f7cc89ddbc1331a543efa11db7#7878e5ba)
    Checking akita-config v0.1.0 (https://github.com/markosg04/akita.git?rev=7878e5ba14b0a9f7cc89ddbc1331a543efa11db7#7878e5ba)
    Checking akita-planner v0.1.0 (https://github.com/markosg04/akita.git?rev=7878e5ba14b0a9f7cc89ddbc1331a543efa11db7#7878e5ba)
    Checking akita-prover v0.1.0 (https://github.com/markosg04/akita.git?rev=7878e5ba14b0a9f7cc89ddbc1331a543efa11db7#7878e5ba)
    Checking akita-verifier v0.1.0 (https://github.com/markosg04/akita.git?rev=7878e5ba14b0a9f7cc89ddbc1331a543efa11db7#7878e5ba)
    Checking akita-setup v0.1.0 (https://github.com/markosg04/akita.git?rev=7878e5ba14b0a9f7cc89ddbc1331a543efa11db7#7878e5ba)
    Checking akita-metal v0.1.0 (https://github.com/markosg04/akita.git?rev=7878e5ba14b0a9f7cc89ddbc1331a543efa11db7#7878e5ba)
    Checking akita-pcs v0.1.0 (https://github.com/markosg04/akita.git?rev=7878e5ba14b0a9f7cc89ddbc1331a543efa11db7#7878e5ba)
    Checking jolt-akita v0.1.0 (/Users/mgeorghiades/worktrees/jolt/bright-ridge/jolt/crates/jolt-akita)
    Checking jolt-prover v0.1.0 (/Users/mgeorghiades/worktrees/jolt/bright-ridge/jolt/crates/jolt-prover)
    Finished `release` profile [optimized + debuginfo] target(s) in 9.34s
