────────────
 Nextest run ID 5b62a9b4-3f69-4ed7-9a16-3bb24aee30b1 with nextest profile: default
    Starting 1 test across 2 binaries (456 tests skipped)
       START [         ] (1/1) jolt-prover-legacy zkvm::packed::committed_tests::sha2_chain_akita_perf

running 1 test
sha2-chain/akita: 71140 iterations, target 2^28
trace length: 268435456
OneHotTrace one-hot K: 256
akita setup: 1.98s
        SLOW [> 60.000s] (───) jolt-prover-legacy zkvm::packed::committed_tests::sha2_chain_akita_perf
test zkvm::packed::committed_tests::sha2_chain_akita_perf has been running for over 60 seconds
        SLOW [>120.000s] (───) jolt-prover-legacy zkvm::packed::committed_tests::sha2_chain_akita_perf
        SLOW [>180.000s] (───) jolt-prover-legacy zkvm::packed::committed_tests::sha2_chain_akita_perf
        SLOW [>240.000s] (───) jolt-prover-legacy zkvm::packed::committed_tests::sha2_chain_akita_perf
akita prove: 188.52s
akita verifier preprocessing: 17.92ms
akita verify: 171.76ms
test zkvm::packed::committed_tests::sha2_chain_akita_perf ... ok

test result: ok. 1 passed; 0 failed; 0 ignored; 0 measured; 456 filtered out; finished in 243.61s

        PASS [ 243.687s] (1/1) jolt-prover-legacy zkvm::packed::committed_tests::sha2_chain_akita_perf
────────────
     Summary [ 243.688s] 1 test run: 1 passed (1 slow), 456 skipped
      244.64 real      2541.11 user       141.61 sys
         88579883008  maximum resident set size
                   0  average shared memory size
                   0  average unshared data size
                   0  average unshared stack size
            30355855  page reclaims
                1184  page faults
                   0  swaps
                   0  block input operations
                   0  block output operations
                   5  messages sent
                   5  messages received
                   7  signals received
                3903  voluntary context switches
             3318680  involuntary context switches
           685122826  instructions retired
           644901029  cycles elapsed
            21185112  peak memory footprint
